Component: ARM Compiler 5.06 update 6 (build 750) Tool: armlink [4d35ed]

==============================================================================

Section Cross References

    main.o(.text) refers to swm220_timr.o(.text) for TIMR_INTClr
    main.o(.text) refers to swm220_gpio.o(.text) for GPIO_Init
    main.o(.text) refers to system_swm220.o(.text) for SystemInit
    main.o(.text) refers to uidiv.o(.text) for __aeabi_uidivmod
    main.o(.text) refers to main.o(.data) for .data
    main.o(.text) refers to system_swm220.o(.data) for SystemCoreClock
    swm220_gpio.o(.text) refers to swm220_port.o(.text) for PORT_Init
    swm220_i2c.o(.text) refers to uidiv.o(.text) for __aeabi_uidivmod
    swm220_i2c.o(.text) refers to system_swm220.o(.data) for SystemCoreClock
    swm220_uart.o(.text) refers to uidiv.o(.text) for __aeabi_uidivmod
    swm220_uart.o(.text) refers to system_swm220.o(.data) for SystemCoreClock
    swm220_can.o(.text) refers to uidiv.o(.text) for __aeabi_uidivmod
    swm220_can.o(.text) refers to system_swm220.o(.data) for SystemCoreClock
    swm220_flash.o(.emb_text) refers to swm220_flash.o(.data) for Code_FlashSpeedX2
    swm220_flash.o(.text) refers to swm220_flash.o(.data) for .data
    swm220_rtc.o(.text) refers to memcpya.o(.text) for __aeabi_memcpy4
    swm220_rtc.o(.text) refers to uidiv.o(.text) for __aeabi_uidivmod
    swm220_rtc.o(.text) refers to swm220_rtc.o(.constdata) for .constdata
    system_swm220.o(.text) refers to uidiv.o(.text) for __aeabi_uidivmod
    system_swm220.o(.text) refers to swm220_port.o(.text) for PORT_Init
    system_swm220.o(.text) refers to system_swm220.o(.data) for .data
    startup_swm220.o(RESET) refers to startup_swm220.o(STACK) for Stack_Mem
    startup_swm220.o(RESET) refers to startup_swm220.o(.text) for Reset_Handler
    startup_swm220.o(RESET) refers to main.o(.text) for TIMR0_Handler
    startup_swm220.o(.text) refers to entry.o(.ARM.Collect$$$$00000000) for __main
    entry.o(.ARM.Collect$$$$00000000) refers (Special) to entry10a.o(.ARM.Collect$$$$0000000D) for __rt_final_cpp
    entry.o(.ARM.Collect$$$$00000000) refers (Special) to entry11a.o(.ARM.Collect$$$$0000000F) for __rt_final_exit
    entry.o(.ARM.Collect$$$$00000000) refers (Special) to entry7b.o(.ARM.Collect$$$$00000008) for _main_clock
    entry.o(.ARM.Collect$$$$00000000) refers (Special) to entry8b.o(.ARM.Collect$$$$0000000A) for _main_cpp_init
    entry.o(.ARM.Collect$$$$00000000) refers (Special) to entry9a.o(.ARM.Collect$$$$0000000B) for _main_init
    entry.o(.ARM.Collect$$$$00000000) refers (Special) to entry5.o(.ARM.Collect$$$$00000004) for _main_scatterload
    entry.o(.ARM.Collect$$$$00000000) refers (Special) to entry2.o(.ARM.Collect$$$$00000001) for _main_stk
    entry2.o(.ARM.Collect$$$$00000001) refers to entry2.o(.ARM.Collect$$$$00002712) for __lit__00000000
    entry2.o(.ARM.Collect$$$$00002712) refers to startup_swm220.o(STACK) for __initial_sp
    entry2.o(__vectab_stack_and_reset_area) refers to startup_swm220.o(STACK) for __initial_sp
    entry2.o(__vectab_stack_and_reset_area) refers to entry.o(.ARM.Collect$$$$00000000) for __main
    entry5.o(.ARM.Collect$$$$00000004) refers to init.o(.text) for __scatterload
    entry9a.o(.ARM.Collect$$$$0000000B) refers to main.o(.text) for main
    entry9b.o(.ARM.Collect$$$$0000000C) refers to main.o(.text) for main
    init.o(.text) refers to entry5.o(.ARM.Collect$$$$00000004) for __main_after_scatterload


==============================================================================

Removing Unused input sections from the image.

    Removing main.o(.rev16_text), (4 bytes).
    Removing main.o(.revsh_text), (4 bytes).
    Removing swm220_adc.o(.rev16_text), (4 bytes).
    Removing swm220_adc.o(.revsh_text), (4 bytes).
    Removing swm220_adc.o(.text), (816 bytes).
    Removing swm220_exti.o(.rev16_text), (4 bytes).
    Removing swm220_exti.o(.revsh_text), (4 bytes).
    Removing swm220_exti.o(.text), (136 bytes).
    Removing swm220_gpio.o(.rev16_text), (4 bytes).
    Removing swm220_gpio.o(.revsh_text), (4 bytes).
    Removing swm220_i2c.o(.rev16_text), (4 bytes).
    Removing swm220_i2c.o(.revsh_text), (4 bytes).
    Removing swm220_i2c.o(.text), (572 bytes).
    Removing swm220_pwm.o(.rev16_text), (4 bytes).
    Removing swm220_pwm.o(.revsh_text), (4 bytes).
    Removing swm220_pwm.o(.text), (1196 bytes).
    Removing swm220_timr.o(.rev16_text), (4 bytes).
    Removing swm220_timr.o(.revsh_text), (4 bytes).
    Removing swm220_uart.o(.rev16_text), (4 bytes).
    Removing swm220_uart.o(.revsh_text), (4 bytes).
    Removing swm220_uart.o(.text), (624 bytes).
    Removing swm220_wdt.o(.rev16_text), (4 bytes).
    Removing swm220_wdt.o(.revsh_text), (4 bytes).
    Removing swm220_wdt.o(.text), (128 bytes).
    Removing swm220_can.o(.rev16_text), (4 bytes).
    Removing swm220_can.o(.revsh_text), (4 bytes).
    Removing swm220_can.o(.text), (960 bytes).
    Removing swm220_div.o(.rev16_text), (4 bytes).
    Removing swm220_div.o(.revsh_text), (4 bytes).
    Removing swm220_div.o(.text), (20 bytes).
    Removing swm220_dma.o(.rev16_text), (4 bytes).
    Removing swm220_dma.o(.revsh_text), (4 bytes).
    Removing swm220_dma.o(.text), (512 bytes).
    Removing swm220_flash.o(.rev16_text), (4 bytes).
    Removing swm220_flash.o(.revsh_text), (4 bytes).
    Removing swm220_flash.o(.emb_text), (24 bytes).
    Removing swm220_flash.o(.text), (36 bytes).
    Removing swm220_flash.o(PlaceInRAM), (68 bytes).
    Removing swm220_flash.o(.data), (8 bytes).
    Removing swm220_flash.o(.data), (16 bytes).
    Removing swm220_port.o(.rev16_text), (4 bytes).
    Removing swm220_port.o(.revsh_text), (4 bytes).
    Removing swm220_spi.o(.rev16_text), (4 bytes).
    Removing swm220_spi.o(.revsh_text), (4 bytes).
    Removing swm220_spi.o(.text), (496 bytes).
    Removing swm220_rtc.o(.rev16_text), (4 bytes).
    Removing swm220_rtc.o(.revsh_text), (4 bytes).
    Removing swm220_rtc.o(.text), (580 bytes).
    Removing swm220_rtc.o(.constdata), (52 bytes).
    Removing system_swm220.o(.rev16_text), (4 bytes).
    Removing system_swm220.o(.revsh_text), (4 bytes).
    Removing startup_swm220.o(HEAP), (0 bytes).

52 unused section(s) (total 6380 bytes) removed from the image.

==============================================================================

Image Symbol Table

    Local Symbols

    Symbol Name                              Value     Ov Type        Size  Object(Section)

    RESET                                    0x00000000   Section      192  startup_swm220.o(RESET)
    ../clib/microlib/division.c              0x00000000   Number         0  uidiv.o ABSOLUTE
    ../clib/microlib/init/entry.s            0x00000000   Number         0  entry2.o ABSOLUTE
    ../clib/microlib/init/entry.s            0x00000000   Number         0  entry8b.o ABSOLUTE
    ../clib/microlib/init/entry.s            0x00000000   Number         0  entry8a.o ABSOLUTE
    ../clib/microlib/init/entry.s            0x00000000   Number         0  entry7b.o ABSOLUTE
    ../clib/microlib/init/entry.s            0x00000000   Number         0  entry11b.o ABSOLUTE
    ../clib/microlib/init/entry.s            0x00000000   Number         0  entry7a.o ABSOLUTE
    ../clib/microlib/init/entry.s            0x00000000   Number         0  entry10a.o ABSOLUTE
    ../clib/microlib/init/entry.s            0x00000000   Number         0  entry5.o ABSOLUTE
    ../clib/microlib/init/entry.s            0x00000000   Number         0  entry.o ABSOLUTE
    ../clib/microlib/init/entry.s            0x00000000   Number         0  entry9a.o ABSOLUTE
    ../clib/microlib/init/entry.s            0x00000000   Number         0  entry9b.o ABSOLUTE
    ../clib/microlib/init/entry.s            0x00000000   Number         0  entry10b.o ABSOLUTE
    ../clib/microlib/init/entry.s            0x00000000   Number         0  entry11a.o ABSOLUTE
    ../clib/microlib/string/memcpy.c         0x00000000   Number         0  memcpya.o ABSOLUTE
    ../clib/microlib/string/memcpy.c         0x00000000   Number         0  memcpyb.o ABSOLUTE
    ..\..\SWM220_StdPeriph_Driver\CSL\CMSIS\DeviceSupport\startup\arm\startup_SWM220.s 0x00000000   Number         0  startup_swm220.o ABSOLUTE
    ..\..\SWM220_StdPeriph_Driver\CSL\CMSIS\DeviceSupport\system_SWM220.c 0x00000000   Number         0  system_swm220.o ABSOLUTE
    ..\..\SWM220_StdPeriph_Driver\CSL\SWM220_StdPeriph_Driver\SWM220_adc.c 0x00000000   Number         0  swm220_adc.o ABSOLUTE
    ..\..\SWM220_StdPeriph_Driver\CSL\SWM220_StdPeriph_Driver\SWM220_can.c 0x00000000   Number         0  swm220_can.o ABSOLUTE
    ..\..\SWM220_StdPeriph_Driver\CSL\SWM220_StdPeriph_Driver\SWM220_div.c 0x00000000   Number         0  swm220_div.o ABSOLUTE
    ..\..\SWM220_StdPeriph_Driver\CSL\SWM220_StdPeriph_Driver\SWM220_dma.c 0x00000000   Number         0  swm220_dma.o ABSOLUTE
    ..\..\SWM220_StdPeriph_Driver\CSL\SWM220_StdPeriph_Driver\SWM220_exti.c 0x00000000   Number         0  swm220_exti.o ABSOLUTE
    ..\..\SWM220_StdPeriph_Driver\CSL\SWM220_StdPeriph_Driver\SWM220_flash.c 0x00000000   Number         0  swm220_flash.o ABSOLUTE
    ..\..\SWM220_StdPeriph_Driver\CSL\SWM220_StdPeriph_Driver\SWM220_gpio.c 0x00000000   Number         0  swm220_gpio.o ABSOLUTE
    ..\..\SWM220_StdPeriph_Driver\CSL\SWM220_StdPeriph_Driver\SWM220_i2c.c 0x00000000   Number         0  swm220_i2c.o ABSOLUTE
    ..\..\SWM220_StdPeriph_Driver\CSL\SWM220_StdPeriph_Driver\SWM220_port.c 0x00000000   Number         0  swm220_port.o ABSOLUTE
    ..\..\SWM220_StdPeriph_Driver\CSL\SWM220_StdPeriph_Driver\SWM220_pwm.c 0x00000000   Number         0  swm220_pwm.o ABSOLUTE
    ..\..\SWM220_StdPeriph_Driver\CSL\SWM220_StdPeriph_Driver\SWM220_rtc.c 0x00000000   Number         0  swm220_rtc.o ABSOLUTE
    ..\..\SWM220_StdPeriph_Driver\CSL\SWM220_StdPeriph_Driver\SWM220_spi.c 0x00000000   Number         0  swm220_spi.o ABSOLUTE
    ..\..\SWM220_StdPeriph_Driver\CSL\SWM220_StdPeriph_Driver\SWM220_timr.c 0x00000000   Number         0  swm220_timr.o ABSOLUTE
    ..\..\SWM220_StdPeriph_Driver\CSL\SWM220_StdPeriph_Driver\SWM220_uart.c 0x00000000   Number         0  swm220_uart.o ABSOLUTE
    ..\..\SWM220_StdPeriph_Driver\CSL\SWM220_StdPeriph_Driver\SWM220_wdt.c 0x00000000   Number         0  swm220_wdt.o ABSOLUTE
    ..\\..\\SWM220_StdPeriph_Driver\\CSL\\CMSIS\\DeviceSupport\\system_SWM220.c 0x00000000   Number         0  system_swm220.o ABSOLUTE
    ..\\..\\SWM220_StdPeriph_Driver\\CSL\\SWM220_StdPeriph_Driver\\SWM220_adc.c 0x00000000   Number         0  swm220_adc.o ABSOLUTE
    ..\\..\\SWM220_StdPeriph_Driver\\CSL\\SWM220_StdPeriph_Driver\\SWM220_can.c 0x00000000   Number         0  swm220_can.o ABSOLUTE
    ..\\..\\SWM220_StdPeriph_Driver\\CSL\\SWM220_StdPeriph_Driver\\SWM220_div.c 0x00000000   Number         0  swm220_div.o ABSOLUTE
    ..\\..\\SWM220_StdPeriph_Driver\\CSL\\SWM220_StdPeriph_Driver\\SWM220_dma.c 0x00000000   Number         0  swm220_dma.o ABSOLUTE
    ..\\..\\SWM220_StdPeriph_Driver\\CSL\\SWM220_StdPeriph_Driver\\SWM220_exti.c 0x00000000   Number         0  swm220_exti.o ABSOLUTE
    ..\\..\\SWM220_StdPeriph_Driver\\CSL\\SWM220_StdPeriph_Driver\\SWM220_flash.c 0x00000000   Number         0  swm220_flash.o ABSOLUTE
    ..\\..\\SWM220_StdPeriph_Driver\\CSL\\SWM220_StdPeriph_Driver\\SWM220_gpio.c 0x00000000   Number         0  swm220_gpio.o ABSOLUTE
    ..\\..\\SWM220_StdPeriph_Driver\\CSL\\SWM220_StdPeriph_Driver\\SWM220_i2c.c 0x00000000   Number         0  swm220_i2c.o ABSOLUTE
    ..\\..\\SWM220_StdPeriph_Driver\\CSL\\SWM220_StdPeriph_Driver\\SWM220_port.c 0x00000000   Number         0  swm220_port.o ABSOLUTE
    ..\\..\\SWM220_StdPeriph_Driver\\CSL\\SWM220_StdPeriph_Driver\\SWM220_pwm.c 0x00000000   Number         0  swm220_pwm.o ABSOLUTE
    ..\\..\\SWM220_StdPeriph_Driver\\CSL\\SWM220_StdPeriph_Driver\\SWM220_rtc.c 0x00000000   Number         0  swm220_rtc.o ABSOLUTE
    ..\\..\\SWM220_StdPeriph_Driver\\CSL\\SWM220_StdPeriph_Driver\\SWM220_spi.c 0x00000000   Number         0  swm220_spi.o ABSOLUTE
    ..\\..\\SWM220_StdPeriph_Driver\\CSL\\SWM220_StdPeriph_Driver\\SWM220_timr.c 0x00000000   Number         0  swm220_timr.o ABSOLUTE
    ..\\..\\SWM220_StdPeriph_Driver\\CSL\\SWM220_StdPeriph_Driver\\SWM220_uart.c 0x00000000   Number         0  swm220_uart.o ABSOLUTE
    ..\\..\\SWM220_StdPeriph_Driver\\CSL\\SWM220_StdPeriph_Driver\\SWM220_wdt.c 0x00000000   Number         0  swm220_wdt.o ABSOLUTE
    app\\main.c                              0x00000000   Number         0  main.o ABSOLUTE
    app\main.c                               0x00000000   Number         0  main.o ABSOLUTE
    dc.s                                     0x00000000   Number         0  dc.o ABSOLUTE
    handlers.s                               0x00000000   Number         0  handlers.o ABSOLUTE
    init.s                                   0x00000000   Number         0  init.o ABSOLUTE
    .ARM.Collect$$$$00000000                 0x000000c0   Section        0  entry.o(.ARM.Collect$$$$00000000)
    .ARM.Collect$$$$00000001                 0x000000c0   Section        4  entry2.o(.ARM.Collect$$$$00000001)
    .ARM.Collect$$$$00000004                 0x000000c4   Section        4  entry5.o(.ARM.Collect$$$$00000004)
    .ARM.Collect$$$$00000008                 0x000000c8   Section        0  entry7b.o(.ARM.Collect$$$$00000008)
    .ARM.Collect$$$$0000000A                 0x000000c8   Section        0  entry8b.o(.ARM.Collect$$$$0000000A)
    .ARM.Collect$$$$0000000B                 0x000000c8   Section        8  entry9a.o(.ARM.Collect$$$$0000000B)
    .ARM.Collect$$$$0000000D                 0x000000d0   Section        0  entry10a.o(.ARM.Collect$$$$0000000D)
    .ARM.Collect$$$$0000000F                 0x000000d0   Section        0  entry11a.o(.ARM.Collect$$$$0000000F)
    .ARM.Collect$$$$00002712                 0x000000d0   Section        4  entry2.o(.ARM.Collect$$$$00002712)
    __lit__00000000                          0x000000d0   Data           4  entry2.o(.ARM.Collect$$$$00002712)
    .text                                    0x000000d4   Section        0  main.o(.text)
    .text                                    0x0000028c   Section        0  swm220_gpio.o(.text)
    .text                                    0x00000444   Section        0  swm220_timr.o(.text)
    NVIC_EnableIRQ                           0x00001045   Thumb Code    14  swm220_timr.o(.text)
    NVIC_DisableIRQ                          0x00001053   Thumb Code    16  swm220_timr.o(.text)
    .text                                    0x0000108c   Section        0  swm220_port.o(.text)
    .text                                    0x000010bc   Section        0  system_swm220.o(.text)
    switchToXTAL                             0x00001113   Thumb Code    66  system_swm220.o(.text)
    switchToRC24MHz                          0x00001155   Thumb Code    26  system_swm220.o(.text)
    switchToRC32KHz                          0x0000116f   Thumb Code    26  system_swm220.o(.text)
    switchToRC12MHz                          0x00001189   Thumb Code    28  system_swm220.o(.text)
    switchToRC48MHz                          0x000011a5   Thumb Code    28  system_swm220.o(.text)
    switchToRC6MHz                           0x000011c1   Thumb Code    26  system_swm220.o(.text)
    .text                                    0x0000122c   Section       84  startup_swm220.o(.text)
    .text                                    0x00001280   Section        0  uidiv.o(.text)
    .text                                    0x000012ac   Section       36  init.o(.text)
    i.__scatterload_copy                     0x000012d0   Section       14  handlers.o(i.__scatterload_copy)
    i.__scatterload_null                     0x000012de   Section        2  handlers.o(i.__scatterload_null)
    i.__scatterload_zeroinit                 0x000012e0   Section       14  handlers.o(i.__scatterload_zeroinit)
    .data                                    0x20000000   Section        6  main.o(.data)
    .data                                    0x20000008   Section        8  system_swm220.o(.data)
    STACK                                    0x20000010   Section     1024  startup_swm220.o(STACK)
    Stack_Mem                                0x20000010   Data        1024  startup_swm220.o(STACK)

    Global Symbols

    Symbol Name                              Value     Ov Type        Size  Object(Section)

    BuildAttributes$$THM_ISAv3M$S$PE$A:L22$X:L11$S22$IEEE1$IW$USESV6$~STKCKD$USESV7$~SHL$OSPACE$EBA8$MICROLIB$REQ8$EABIv2 0x00000000   Number         0  anon$$obj.o ABSOLUTE
    __ARM_use_no_argv                        0x00000000   Number         0  main.o ABSOLUTE
    __Vectors                                0x00000000   Data           4  startup_swm220.o(RESET)
    __cpp_initialize__aeabi_                  - Undefined Weak Reference
    __cxa_finalize                            - Undefined Weak Reference
    __decompress                              - Undefined Weak Reference
    _clock_init                               - Undefined Weak Reference
    _microlib_exit                            - Undefined Weak Reference
    __Vectors_End                            0x000000c0   Data           0  startup_swm220.o(RESET)
    __Vectors_Size                           0x000000c0   Number         0  startup_swm220.o ABSOLUTE
    __main                                   0x000000c1   Thumb Code     0  entry.o(.ARM.Collect$$$$00000000)
    _main_stk                                0x000000c1   Thumb Code     0  entry2.o(.ARM.Collect$$$$00000001)
    _main_scatterload                        0x000000c5   Thumb Code     0  entry5.o(.ARM.Collect$$$$00000004)
    __main_after_scatterload                 0x000000c9   Thumb Code     0  entry5.o(.ARM.Collect$$$$00000004)
    _main_clock                              0x000000c9   Thumb Code     0  entry7b.o(.ARM.Collect$$$$00000008)
    _main_cpp_init                           0x000000c9   Thumb Code     0  entry8b.o(.ARM.Collect$$$$0000000A)
    _main_init                               0x000000c9   Thumb Code     0  entry9a.o(.ARM.Collect$$$$0000000B)
    __rt_final_cpp                           0x000000d1   Thumb Code     0  entry10a.o(.ARM.Collect$$$$0000000D)
    __rt_final_exit                          0x000000d1   Thumb Code     0  entry11a.o(.ARM.Collect$$$$0000000F)
    TIMR0_Handler                            0x000000d5   Thumb Code    32  main.o(.text)
    SendStart                                0x000000f5   Thumb Code    80  main.o(.text)
    main                                     0x00000145   Thumb Code   300  main.o(.text)
    GPIO_Init                                0x0000028d   Thumb Code   212  swm220_gpio.o(.text)
    GPIO_SetBit                              0x00000361   Thumb Code    12  swm220_gpio.o(.text)
    GPIO_ClrBit                              0x0000036d   Thumb Code    12  swm220_gpio.o(.text)
    GPIO_InvBit                              0x00000379   Thumb Code    12  swm220_gpio.o(.text)
    GPIO_GetBit                              0x00000385   Thumb Code    10  swm220_gpio.o(.text)
    GPIO_SetBits                             0x0000038f   Thumb Code    18  swm220_gpio.o(.text)
    GPIO_ClrBits                             0x000003a1   Thumb Code    18  swm220_gpio.o(.text)
    GPIO_InvBits                             0x000003b3   Thumb Code    18  swm220_gpio.o(.text)
    GPIO_GetBits                             0x000003c5   Thumb Code    16  swm220_gpio.o(.text)
    GPIO_AtomicSetBit                        0x000003d5   Thumb Code    10  swm220_gpio.o(.text)
    GPIO_AtomicClrBit                        0x000003df   Thumb Code    10  swm220_gpio.o(.text)
    GPIO_AtomicInvBit                        0x000003e9   Thumb Code    14  swm220_gpio.o(.text)
    GPIO_AtomicSetBits                       0x000003f7   Thumb Code    22  swm220_gpio.o(.text)
    GPIO_AtomicClrBits                       0x0000040d   Thumb Code    22  swm220_gpio.o(.text)
    GPIO_AtomicInvBits                       0x00000423   Thumb Code    22  swm220_gpio.o(.text)
    TIMR_INTClr                              0x00000445   Thumb Code    40  swm220_timr.o(.text)
    TIMR_Stop                                0x0000046d   Thumb Code    10  swm220_timr.o(.text)
    TIMR_Init                                0x00000477   Thumb Code   260  swm220_timr.o(.text)
    TIMR_Start                               0x0000057b   Thumb Code    10  swm220_timr.o(.text)
    TIMR_Halt                                0x00000585   Thumb Code    60  swm220_timr.o(.text)
    TIMR_Resume                              0x000005c1   Thumb Code    60  swm220_timr.o(.text)
    TIMR_SetPeriod                           0x000005fd   Thumb Code     4  swm220_timr.o(.text)
    TIMR_GetPeriod                           0x00000601   Thumb Code     4  swm220_timr.o(.text)
    TIMR_GetCurValue                         0x00000605   Thumb Code     4  swm220_timr.o(.text)
    TIMR_INTEn                               0x00000609   Thumb Code    60  swm220_timr.o(.text)
    TIMR_INTDis                              0x00000645   Thumb Code    56  swm220_timr.o(.text)
    TIMR_INTStat                             0x0000067d   Thumb Code    56  swm220_timr.o(.text)
    TIMR_OC_INTClr                           0x000006b5   Thumb Code    40  swm220_timr.o(.text)
    TIMR_OC_Init                             0x000006dd   Thumb Code   406  swm220_timr.o(.text)
    TIMR_OC_OutputEn                         0x00000873   Thumb Code    60  swm220_timr.o(.text)
    TIMR_OC_OutputDis                        0x000008af   Thumb Code    74  swm220_timr.o(.text)
    TIMR_OC_SetMatch                         0x000008f9   Thumb Code    62  swm220_timr.o(.text)
    TIMR_OC_GetMatch                         0x00000937   Thumb Code    48  swm220_timr.o(.text)
    TIMR_OC_INTEn                            0x00000967   Thumb Code    56  swm220_timr.o(.text)
    TIMR_OC_INTDis                           0x0000099f   Thumb Code    56  swm220_timr.o(.text)
    TIMR_OC_INTStat                          0x000009d7   Thumb Code    56  swm220_timr.o(.text)
    TIMR_IC_CaptureOV_INTClr                 0x00000a0f   Thumb Code    38  swm220_timr.o(.text)
    TIMR_IC_CaptureL_INTClr                  0x00000a35   Thumb Code    38  swm220_timr.o(.text)
    TIMR_IC_CaptureH_INTClr                  0x00000a5b   Thumb Code    38  swm220_timr.o(.text)
    TIMR_IC_Init                             0x00000a81   Thumb Code   754  swm220_timr.o(.text)
    TIMR_IC_Start                            0x00000d73   Thumb Code    64  swm220_timr.o(.text)
    TIMR_IC_Start_Multi                      0x00000db3   Thumb Code    22  swm220_timr.o(.text)
    TIMR_IC_Stop                             0x00000dc9   Thumb Code    64  swm220_timr.o(.text)
    TIMR_IC_GetCaptureH                      0x00000e09   Thumb Code    40  swm220_timr.o(.text)
    TIMR_IC_GetCaptureL                      0x00000e31   Thumb Code    40  swm220_timr.o(.text)
    TIMR_IC_CaptureH_INTEn                   0x00000e59   Thumb Code    54  swm220_timr.o(.text)
    TIMR_IC_CaptureH_INTDis                  0x00000e8f   Thumb Code    54  swm220_timr.o(.text)
    TIMR_IC_CaptureH_INTStat                 0x00000ec5   Thumb Code    56  swm220_timr.o(.text)
    TIMR_IC_CaptureL_INTEn                   0x00000efd   Thumb Code    54  swm220_timr.o(.text)
    TIMR_IC_CaptureL_INTDis                  0x00000f33   Thumb Code    54  swm220_timr.o(.text)
    TIMR_IC_CaptureL_INTStat                 0x00000f69   Thumb Code    56  swm220_timr.o(.text)
    TIMR_IC_CaptureOV_INTEn                  0x00000fa1   Thumb Code    54  swm220_timr.o(.text)
    TIMR_IC_CaptureOV_INTDis                 0x00000fd7   Thumb Code    54  swm220_timr.o(.text)
    TIMR_IC_CaptureOV_INTStat                0x0000100d   Thumb Code    56  swm220_timr.o(.text)
    PORT_Init                                0x0000108d   Thumb Code    48  swm220_port.o(.text)
    SystemCoreClockUpdate                    0x000010bd   Thumb Code    86  system_swm220.o(.text)
    SystemInit                               0x000011db   Thumb Code    44  system_swm220.o(.text)
    Reset_Handler                            0x0000122d   Thumb Code     4  startup_swm220.o(.text)
    NMI_Handler                              0x00001231   Thumb Code     2  startup_swm220.o(.text)
    HardFault_Handler                        0x00001233   Thumb Code     2  startup_swm220.o(.text)
    SVC_Handler                              0x00001235   Thumb Code     2  startup_swm220.o(.text)
    PendSV_Handler                           0x00001237   Thumb Code     2  startup_swm220.o(.text)
    SysTick_Handler                          0x00001239   Thumb Code     2  startup_swm220.o(.text)
    GPIOA0_Handler                           0x0000123b   Thumb Code     2  startup_swm220.o(.text)
    WDT_Handler                              0x0000123d   Thumb Code     2  startup_swm220.o(.text)
    TIMR3_Handler                            0x0000123f   Thumb Code     2  startup_swm220.o(.text)
    PWMNC_Handler                            0x00001241   Thumb Code     2  startup_swm220.o(.text)
    ADC_Handler                              0x00001243   Thumb Code     2  startup_swm220.o(.text)
    TIMR2_Handler                            0x00001245   Thumb Code     2  startup_swm220.o(.text)
    RTC_Handler                              0x00001247   Thumb Code     2  startup_swm220.o(.text)
    GPIOA1_Handler                           0x00001249   Thumb Code     2  startup_swm220.o(.text)
    SPI1_Handler                             0x0000124b   Thumb Code     2  startup_swm220.o(.text)
    GPIOD1_Handler                           0x0000124d   Thumb Code     2  startup_swm220.o(.text)
    CAN_Handler                              0x0000124f   Thumb Code     2  startup_swm220.o(.text)
    UART0_Handler                            0x00001251   Thumb Code     2  startup_swm220.o(.text)
    I2C0_Handler                             0x00001253   Thumb Code     2  startup_swm220.o(.text)
    SPI0_Handler                             0x00001255   Thumb Code     2  startup_swm220.o(.text)
    GPIOA_Handler                            0x00001257   Thumb Code     2  startup_swm220.o(.text)
    TIMR1_Handler                            0x00001259   Thumb Code     2  startup_swm220.o(.text)
    GPIOB0_Handler                           0x0000125b   Thumb Code     2  startup_swm220.o(.text)
    UART1_Handler                            0x0000125d   Thumb Code     2  startup_swm220.o(.text)
    GPIOB_Handler                            0x0000125f   Thumb Code     2  startup_swm220.o(.text)
    GPIOB1_Handler                           0x00001263   Thumb Code     2  startup_swm220.o(.text)
    PWMHE_Handler                            0x00001265   Thumb Code     2  startup_swm220.o(.text)
    UART2_Handler                            0x00001267   Thumb Code     2  startup_swm220.o(.text)
    BOD_Handler                              0x00001269   Thumb Code     2  startup_swm220.o(.text)
    I2C1_Handler                             0x0000126b   Thumb Code     2  startup_swm220.o(.text)
    GPIOC0_Handler                           0x0000126d   Thumb Code     2  startup_swm220.o(.text)
    GPIOC1_Handler                           0x0000126f   Thumb Code     2  startup_swm220.o(.text)
    UART3_Handler                            0x00001271   Thumb Code     2  startup_swm220.o(.text)
    PWMHALT_Handler                          0x00001273   Thumb Code     2  startup_swm220.o(.text)
    GPIOC_Handler                            0x00001275   Thumb Code     2  startup_swm220.o(.text)
    GPIOD_Handler                            0x00001279   Thumb Code     2  startup_swm220.o(.text)
    DMA_Handler                              0x0000127b   Thumb Code     2  startup_swm220.o(.text)
    __aeabi_uidiv                            0x00001281   Thumb Code     0  uidiv.o(.text)
    __aeabi_uidivmod                         0x00001281   Thumb Code    44  uidiv.o(.text)
    __scatterload                            0x000012ad   Thumb Code    28  init.o(.text)
    __scatterload_rt2                        0x000012ad   Thumb Code     0  init.o(.text)
    __scatterload_copy                       0x000012d1   Thumb Code    14  handlers.o(i.__scatterload_copy)
    __scatterload_null                       0x000012df   Thumb Code     2  handlers.o(i.__scatterload_null)
    __scatterload_zeroinit                   0x000012e1   Thumb Code    14  handlers.o(i.__scatterload_zeroinit)
    Region$$Table$$Base                      0x000012f0   Number         0  anon$$obj.o(Region$$Table)
    Region$$Table$$Limit                     0x00001310   Number         0  anon$$obj.o(Region$$Table)
    Flag_Start_Send                          0x20000000   Data           1  main.o(.data)
    T_Start_Pro                              0x20000002   Data           2  main.o(.data)
    T_Start_Send                             0x20000004   Data           2  main.o(.data)
    SystemCoreClock                          0x20000008   Data           4  system_swm220.o(.data)
    CyclesPerUs                              0x2000000c   Data           4  system_swm220.o(.data)
    __initial_sp                             0x20000410   Data           0  startup_swm220.o(STACK)



==============================================================================

Memory Map of the image

  Image Entry point : 0x000000c1

  Load Region LR_IROM1 (Base: 0x00000000, Size: 0x00001320, Max: 0x00010000, ABSOLUTE)

    Execution Region ER_IROM1 (Exec base: 0x00000000, Load base: 0x00000000, Size: 0x00001310, Max: 0x00010000, ABSOLUTE)

    Exec Addr    Load Addr    Size         Type   Attr      Idx    E Section Name        Object

    0x00000000   0x00000000   0x000000c0   Data   RO          447    RESET               startup_swm220.o
    0x000000c0   0x000000c0   0x00000000   Code   RO          452  * .ARM.Collect$$$$00000000  mc_p.l(entry.o)
    0x000000c0   0x000000c0   0x00000004   Code   RO          461    .ARM.Collect$$$$00000001  mc_p.l(entry2.o)
    0x000000c4   0x000000c4   0x00000004   Code   RO          464    .ARM.Collect$$$$00000004  mc_p.l(entry5.o)
    0x000000c8   0x000000c8   0x00000000   Code   RO          466    .ARM.Collect$$$$00000008  mc_p.l(entry7b.o)
    0x000000c8   0x000000c8   0x00000000   Code   RO          468    .ARM.Collect$$$$0000000A  mc_p.l(entry8b.o)
    0x000000c8   0x000000c8   0x00000008   Code   RO          469    .ARM.Collect$$$$0000000B  mc_p.l(entry9a.o)
    0x000000d0   0x000000d0   0x00000000   Code   RO          471    .ARM.Collect$$$$0000000D  mc_p.l(entry10a.o)
    0x000000d0   0x000000d0   0x00000000   Code   RO          473    .ARM.Collect$$$$0000000F  mc_p.l(entry11a.o)
    0x000000d0   0x000000d0   0x00000004   Code   RO          462    .ARM.Collect$$$$00002712  mc_p.l(entry2.o)
    0x000000d4   0x000000d4   0x000001b8   Code   RO            3    .text               main.o
    0x0000028c   0x0000028c   0x000001b8   Code   RO          143    .text               swm220_gpio.o
    0x00000444   0x00000444   0x00000c48   Code   RO          203    .text               swm220_timr.o
    0x0000108c   0x0000108c   0x00000030   Code   RO          360    .text               swm220_port.o
    0x000010bc   0x000010bc   0x00000170   Code   RO          421    .text               system_swm220.o
    0x0000122c   0x0000122c   0x00000054   Code   RO          448    .text               startup_swm220.o
    0x00001280   0x00001280   0x0000002c   Code   RO          455    .text               mc_p.l(uidiv.o)
    0x000012ac   0x000012ac   0x00000024   Code   RO          475    .text               mc_p.l(init.o)
    0x000012d0   0x000012d0   0x0000000e   Code   RO          479    i.__scatterload_copy  mc_p.l(handlers.o)
    0x000012de   0x000012de   0x00000002   Code   RO          480    i.__scatterload_null  mc_p.l(handlers.o)
    0x000012e0   0x000012e0   0x0000000e   Code   RO          481    i.__scatterload_zeroinit  mc_p.l(handlers.o)
    0x000012ee   0x000012ee   0x00000002   PAD
    0x000012f0   0x000012f0   0x00000020   Data   RO          477    Region$$Table       anon$$obj.o


    Execution Region RW_IRAM1 (Exec base: 0x20000000, Load base: 0x00001310, Size: 0x00000410, Max: 0x00004000, ABSOLUTE)

    Exec Addr    Load Addr    Size         Type   Attr      Idx    E Section Name        Object

    0x20000000   0x00001310   0x00000006   Data   RW            4    .data               main.o
    0x20000006   0x00001316   0x00000002   PAD
    0x20000008   0x00001318   0x00000008   Data   RW          422    .data               system_swm220.o
    0x20000010        -       0x00000400   Zero   RW          445    STACK               startup_swm220.o


==============================================================================

Image component sizes


      Code (inc. data)   RO Data    RW Data    ZI Data      Debug   Object Name

       440         28          0          6          0      67222   main.o
        84          6        192          0       1024       1976   startup_swm220.o
         0          0          0          0          0       5760   swm220_adc.o
       440         12          0          0          0       4619   swm220_gpio.o
        48          0          0          0          0       1224   swm220_port.o
      3144         92          0          0          0      11980   swm220_timr.o
       368         38          0          8          0       1829   system_swm220.o

    ----------------------------------------------------------------------
      4524        176        224         16       1024      94610   Object Totals
         0          0         32          0          0          0   (incl. Generated)
         0          0          0          2          0          0   (incl. Padding)

    ----------------------------------------------------------------------

      Code (inc. data)   RO Data    RW Data    ZI Data      Debug   Library Member Name

         0          0          0          0          0          0   entry.o
         0          0          0          0          0          0   entry10a.o
         0          0          0          0          0          0   entry11a.o
         8          4          0          0          0          0   entry2.o
         4          0          0          0          0          0   entry5.o
         0          0          0          0          0          0   entry7b.o
         0          0          0          0          0          0   entry8b.o
         8          4          0          0          0          0   entry9a.o
        30          0          0          0          0          0   handlers.o
        36          8          0          0          0         68   init.o
        44          0          0          0          0         72   uidiv.o

    ----------------------------------------------------------------------
       132         16          0          0          0        140   Library Totals
         2          0          0          0          0          0   (incl. Padding)

    ----------------------------------------------------------------------

      Code (inc. data)   RO Data    RW Data    ZI Data      Debug   Library Name

       130         16          0          0          0        140   mc_p.l

    ----------------------------------------------------------------------
       132         16          0          0          0        140   Library Totals

    ----------------------------------------------------------------------

==============================================================================


      Code (inc. data)   RO Data    RW Data    ZI Data      Debug   

      4656        192        224         16       1024      94638   Grand Totals
      4656        192        224         16       1024      94638   ELF Image Totals
      4656        192        224         16          0          0   ROM Totals

==============================================================================

    Total RO  Size (Code + RO Data)                 4880 (   4.77kB)
    Total RW  Size (RW Data + ZI Data)              1040 (   1.02kB)
    Total ROM Size (Code + RO Data + RW Data)       4896 (   4.78kB)

==============================================================================

