Component: ARM Compiler 5.06 update 6 (build 750) Tool: armlink [4d35ed]

==============================================================================

Section Cross References

    main.o(.text) refers to system_swm220.o(.text) for SystemInit
    main.o(.text) refers to swm220_gpio.o(.text) for GPIO_Init
    main.o(.text) refers to swm220_timr.o(.text) for TIMR_Init
    main.o(.text) refers to system_swm220.o(.data) for SystemCoreClock
    swm220_gpio.o(.text) refers to swm220_port.o(.text) for PORT_Init
    swm220_i2c.o(.text) refers to uidiv.o(.text) for __aeabi_uidivmod
    swm220_i2c.o(.text) refers to system_swm220.o(.data) for SystemCoreClock
    swm220_uart.o(.text) refers to uidiv.o(.text) for __aeabi_uidivmod
    swm220_uart.o(.text) refers to system_swm220.o(.data) for SystemCoreClock
    swm220_can.o(.text) refers to uidiv.o(.text) for __aeabi_uidivmod
    swm220_can.o(.text) refers to system_swm220.o(.data) for SystemCoreClock
    swm220_flash.o(.emb_text) refers to swm220_flash.o(.data) for Code_FlashSpeedX2
    swm220_flash.o(.text) refers to swm220_flash.o(.data) for .data
    swm220_rtc.o(.text) refers to memcpya.o(.text) for __aeabi_memcpy4
    swm220_rtc.o(.text) refers to uidiv.o(.text) for __aeabi_uidivmod
    swm220_rtc.o(.text) refers to swm220_rtc.o(.constdata) for .constdata
    system_swm220.o(.text) refers to uidiv.o(.text) for __aeabi_uidivmod
    system_swm220.o(.text) refers to swm220_port.o(.text) for PORT_Init
    system_swm220.o(.text) refers to system_swm220.o(.data) for .data
    startup_swm220.o(RESET) refers to startup_swm220.o(STACK) for Stack_Mem
    startup_swm220.o(RESET) refers to startup_swm220.o(.text) for Reset_Handler
    startup_swm220.o(RESET) refers to main.o(.text) for TIMR0_Handler
    startup_swm220.o(.text) refers to entry.o(.ARM.Collect$$$$00000000) for __main
    entry.o(.ARM.Collect$$$$00000000) refers (Special) to entry10a.o(.ARM.Collect$$$$0000000D) for __rt_final_cpp
    entry.o(.ARM.Collect$$$$00000000) refers (Special) to entry11a.o(.ARM.Collect$$$$0000000F) for __rt_final_exit
    entry.o(.ARM.Collect$$$$00000000) refers (Special) to entry7b.o(.ARM.Collect$$$$00000008) for _main_clock
    entry.o(.ARM.Collect$$$$00000000) refers (Special) to entry8b.o(.ARM.Collect$$$$0000000A) for _main_cpp_init
    entry.o(.ARM.Collect$$$$00000000) refers (Special) to entry9a.o(.ARM.Collect$$$$0000000B) for _main_init
    entry.o(.ARM.Collect$$$$00000000) refers (Special) to entry5.o(.ARM.Collect$$$$00000004) for _main_scatterload
    entry.o(.ARM.Collect$$$$00000000) refers (Special) to entry2.o(.ARM.Collect$$$$00000001) for _main_stk
    entry2.o(.ARM.Collect$$$$00000001) refers to entry2.o(.ARM.Collect$$$$00002712) for __lit__00000000
    entry2.o(.ARM.Collect$$$$00002712) refers to startup_swm220.o(STACK) for __initial_sp
    entry2.o(__vectab_stack_and_reset_area) refers to startup_swm220.o(STACK) for __initial_sp
    entry2.o(__vectab_stack_and_reset_area) refers to entry.o(.ARM.Collect$$$$00000000) for __main
    entry5.o(.ARM.Collect$$$$00000004) refers to init.o(.text) for __scatterload
    entry9a.o(.ARM.Collect$$$$0000000B) refers to main.o(.text) for main
    entry9b.o(.ARM.Collect$$$$0000000C) refers to main.o(.text) for main
    init.o(.text) refers to entry5.o(.ARM.Collect$$$$00000004) for __main_after_scatterload


==============================================================================

Removing Unused input sections from the image.

    Removing main.o(.rev16_text), (4 bytes).
    Removing main.o(.revsh_text), (4 bytes).
    Removing swm220_adc.o(.rev16_text), (4 bytes).
    Removing swm220_adc.o(.revsh_text), (4 bytes).
    Removing swm220_adc.o(.text), (816 bytes).
    Removing swm220_exti.o(.rev16_text), (4 bytes).
    Removing swm220_exti.o(.revsh_text), (4 bytes).
    Removing swm220_exti.o(.text), (136 bytes).
    Removing swm220_gpio.o(.rev16_text), (4 bytes).
    Removing swm220_gpio.o(.revsh_text), (4 bytes).
    Removing swm220_i2c.o(.rev16_text), (4 bytes).
    Removing swm220_i2c.o(.revsh_text), (4 bytes).
    Removing swm220_i2c.o(.text), (572 bytes).
    Removing swm220_pwm.o(.rev16_text), (4 bytes).
    Removing swm220_pwm.o(.revsh_text), (4 bytes).
    Removing swm220_pwm.o(.text), (1196 bytes).
    Removing swm220_timr.o(.rev16_text), (4 bytes).
    Removing swm220_timr.o(.revsh_text), (4 bytes).
    Removing swm220_uart.o(.rev16_text), (4 bytes).
    Removing swm220_uart.o(.revsh_text), (4 bytes).
    Removing swm220_uart.o(.text), (624 bytes).
    Removing swm220_wdt.o(.rev16_text), (4 bytes).
    Removing swm220_wdt.o(.revsh_text), (4 bytes).
    Removing swm220_wdt.o(.text), (128 bytes).
    Removing swm220_can.o(.rev16_text), (4 bytes).
    Removing swm220_can.o(.revsh_text), (4 bytes).
    Removing swm220_can.o(.text), (960 bytes).
    Removing swm220_div.o(.rev16_text), (4 bytes).
    Removing swm220_div.o(.revsh_text), (4 bytes).
    Removing swm220_div.o(.text), (20 bytes).
    Removing swm220_dma.o(.rev16_text), (4 bytes).
    Removing swm220_dma.o(.revsh_text), (4 bytes).
    Removing swm220_dma.o(.text), (512 bytes).
    Removing swm220_flash.o(.rev16_text), (4 bytes).
    Removing swm220_flash.o(.revsh_text), (4 bytes).
    Removing swm220_flash.o(.emb_text), (24 bytes).
    Removing swm220_flash.o(.text), (36 bytes).
    Removing swm220_flash.o(PlaceInRAM), (68 bytes).
    Removing swm220_flash.o(.data), (8 bytes).
    Removing swm220_flash.o(.data), (16 bytes).
    Removing swm220_port.o(.rev16_text), (4 bytes).
    Removing swm220_port.o(.revsh_text), (4 bytes).
    Removing swm220_spi.o(.rev16_text), (4 bytes).
    Removing swm220_spi.o(.revsh_text), (4 bytes).
    Removing swm220_spi.o(.text), (496 bytes).
    Removing swm220_rtc.o(.rev16_text), (4 bytes).
    Removing swm220_rtc.o(.revsh_text), (4 bytes).
    Removing swm220_rtc.o(.text), (580 bytes).
    Removing swm220_rtc.o(.constdata), (52 bytes).
    Removing system_swm220.o(.rev16_text), (4 bytes).
    Removing system_swm220.o(.revsh_text), (4 bytes).
    Removing startup_swm220.o(HEAP), (0 bytes).

52 unused section(s) (total 6380 bytes) removed from the image.

==============================================================================

Image Symbol Table

    Local Symbols

    Symbol Name                              Value     Ov Type        Size  Object(Section)

    RESET                                    0x00000000   Section      192  startup_swm220.o(RESET)
    ../clib/microlib/division.c              0x00000000   Number         0  uidiv.o ABSOLUTE
    ../clib/microlib/init/entry.s            0x00000000   Number         0  entry.o ABSOLUTE
    ../clib/microlib/init/entry.s            0x00000000   Number         0  entry9a.o ABSOLUTE
    ../clib/microlib/init/entry.s            0x00000000   Number         0  entry2.o ABSOLUTE
    ../clib/microlib/init/entry.s            0x00000000   Number         0  entry9b.o ABSOLUTE
    ../clib/microlib/init/entry.s            0x00000000   Number         0  entry10a.o ABSOLUTE
    ../clib/microlib/init/entry.s            0x00000000   Number         0  entry10b.o ABSOLUTE
    ../clib/microlib/init/entry.s            0x00000000   Number         0  entry11a.o ABSOLUTE
    ../clib/microlib/init/entry.s            0x00000000   Number         0  entry11b.o ABSOLUTE
    ../clib/microlib/init/entry.s            0x00000000   Number         0  entry5.o ABSOLUTE
    ../clib/microlib/init/entry.s            0x00000000   Number         0  entry7a.o ABSOLUTE
    ../clib/microlib/init/entry.s            0x00000000   Number         0  entry7b.o ABSOLUTE
    ../clib/microlib/init/entry.s            0x00000000   Number         0  entry8a.o ABSOLUTE
    ../clib/microlib/init/entry.s            0x00000000   Number         0  entry8b.o ABSOLUTE
    ../clib/microlib/string/memcpy.c         0x00000000   Number         0  memcpyb.o ABSOLUTE
    ../clib/microlib/string/memcpy.c         0x00000000   Number         0  memcpya.o ABSOLUTE
    ..\..\SWM220_StdPeriph_Driver\CSL\CMSIS\DeviceSupport\startup\arm\startup_SWM220.s 0x00000000   Number         0  startup_swm220.o ABSOLUTE
    ..\..\SWM220_StdPeriph_Driver\CSL\CMSIS\DeviceSupport\system_SWM220.c 0x00000000   Number         0  system_swm220.o ABSOLUTE
    ..\..\SWM220_StdPeriph_Driver\CSL\SWM220_StdPeriph_Driver\SWM220_adc.c 0x00000000   Number         0  swm220_adc.o ABSOLUTE
    ..\..\SWM220_StdPeriph_Driver\CSL\SWM220_StdPeriph_Driver\SWM220_can.c 0x00000000   Number         0  swm220_can.o ABSOLUTE
    ..\..\SWM220_StdPeriph_Driver\CSL\SWM220_StdPeriph_Driver\SWM220_div.c 0x00000000   Number         0  swm220_div.o ABSOLUTE
    ..\..\SWM220_StdPeriph_Driver\CSL\SWM220_StdPeriph_Driver\SWM220_dma.c 0x00000000   Number         0  swm220_dma.o ABSOLUTE
    ..\..\SWM220_StdPeriph_Driver\CSL\SWM220_StdPeriph_Driver\SWM220_exti.c 0x00000000   Number         0  swm220_exti.o ABSOLUTE
    ..\..\SWM220_StdPeriph_Driver\CSL\SWM220_StdPeriph_Driver\SWM220_flash.c 0x00000000   Number         0  swm220_flash.o ABSOLUTE
    ..\..\SWM220_StdPeriph_Driver\CSL\SWM220_StdPeriph_Driver\SWM220_gpio.c 0x00000000   Number         0  swm220_gpio.o ABSOLUTE
    ..\..\SWM220_StdPeriph_Driver\CSL\SWM220_StdPeriph_Driver\SWM220_i2c.c 0x00000000   Number         0  swm220_i2c.o ABSOLUTE
    ..\..\SWM220_StdPeriph_Driver\CSL\SWM220_StdPeriph_Driver\SWM220_port.c 0x00000000   Number         0  swm220_port.o ABSOLUTE
    ..\..\SWM220_StdPeriph_Driver\CSL\SWM220_StdPeriph_Driver\SWM220_pwm.c 0x00000000   Number         0  swm220_pwm.o ABSOLUTE
    ..\..\SWM220_StdPeriph_Driver\CSL\SWM220_StdPeriph_Driver\SWM220_rtc.c 0x00000000   Number         0  swm220_rtc.o ABSOLUTE
    ..\..\SWM220_StdPeriph_Driver\CSL\SWM220_StdPeriph_Driver\SWM220_spi.c 0x00000000   Number         0  swm220_spi.o ABSOLUTE
    ..\..\SWM220_StdPeriph_Driver\CSL\SWM220_StdPeriph_Driver\SWM220_timr.c 0x00000000   Number         0  swm220_timr.o ABSOLUTE
    ..\..\SWM220_StdPeriph_Driver\CSL\SWM220_StdPeriph_Driver\SWM220_uart.c 0x00000000   Number         0  swm220_uart.o ABSOLUTE
    ..\..\SWM220_StdPeriph_Driver\CSL\SWM220_StdPeriph_Driver\SWM220_wdt.c 0x00000000   Number         0  swm220_wdt.o ABSOLUTE
    ..\\..\\SWM220_StdPeriph_Driver\\CSL\\CMSIS\\DeviceSupport\\system_SWM220.c 0x00000000   Number         0  system_swm220.o ABSOLUTE
    ..\\..\\SWM220_StdPeriph_Driver\\CSL\\SWM220_StdPeriph_Driver\\SWM220_adc.c 0x00000000   Number         0  swm220_adc.o ABSOLUTE
    ..\\..\\SWM220_StdPeriph_Driver\\CSL\\SWM220_StdPeriph_Driver\\SWM220_can.c 0x00000000   Number         0  swm220_can.o ABSOLUTE
    ..\\..\\SWM220_StdPeriph_Driver\\CSL\\SWM220_StdPeriph_Driver\\SWM220_div.c 0x00000000   Number         0  swm220_div.o ABSOLUTE
    ..\\..\\SWM220_StdPeriph_Driver\\CSL\\SWM220_StdPeriph_Driver\\SWM220_dma.c 0x00000000   Number         0  swm220_dma.o ABSOLUTE
    ..\\..\\SWM220_StdPeriph_Driver\\CSL\\SWM220_StdPeriph_Driver\\SWM220_exti.c 0x00000000   Number         0  swm220_exti.o ABSOLUTE
    ..\\..\\SWM220_StdPeriph_Driver\\CSL\\SWM220_StdPeriph_Driver\\SWM220_flash.c 0x00000000   Number         0  swm220_flash.o ABSOLUTE
    ..\\..\\SWM220_StdPeriph_Driver\\CSL\\SWM220_StdPeriph_Driver\\SWM220_gpio.c 0x00000000   Number         0  swm220_gpio.o ABSOLUTE
    ..\\..\\SWM220_StdPeriph_Driver\\CSL\\SWM220_StdPeriph_Driver\\SWM220_i2c.c 0x00000000   Number         0  swm220_i2c.o ABSOLUTE
    ..\\..\\SWM220_StdPeriph_Driver\\CSL\\SWM220_StdPeriph_Driver\\SWM220_port.c 0x00000000   Number         0  swm220_port.o ABSOLUTE
    ..\\..\\SWM220_StdPeriph_Driver\\CSL\\SWM220_StdPeriph_Driver\\SWM220_pwm.c 0x00000000   Number         0  swm220_pwm.o ABSOLUTE
    ..\\..\\SWM220_StdPeriph_Driver\\CSL\\SWM220_StdPeriph_Driver\\SWM220_rtc.c 0x00000000   Number         0  swm220_rtc.o ABSOLUTE
    ..\\..\\SWM220_StdPeriph_Driver\\CSL\\SWM220_StdPeriph_Driver\\SWM220_spi.c 0x00000000   Number         0  swm220_spi.o ABSOLUTE
    ..\\..\\SWM220_StdPeriph_Driver\\CSL\\SWM220_StdPeriph_Driver\\SWM220_timr.c 0x00000000   Number         0  swm220_timr.o ABSOLUTE
    ..\\..\\SWM220_StdPeriph_Driver\\CSL\\SWM220_StdPeriph_Driver\\SWM220_uart.c 0x00000000   Number         0  swm220_uart.o ABSOLUTE
    ..\\..\\SWM220_StdPeriph_Driver\\CSL\\SWM220_StdPeriph_Driver\\SWM220_wdt.c 0x00000000   Number         0  swm220_wdt.o ABSOLUTE
    app\\main.c                              0x00000000   Number         0  main.o ABSOLUTE
    app\main.c                               0x00000000   Number         0  main.o ABSOLUTE
    dc.s                                     0x00000000   Number         0  dc.o ABSOLUTE
    handlers.s                               0x00000000   Number         0  handlers.o ABSOLUTE
    init.s                                   0x00000000   Number         0  init.o ABSOLUTE
    .ARM.Collect$$$$00000000                 0x000000c0   Section        0  entry.o(.ARM.Collect$$$$00000000)
    .ARM.Collect$$$$00000001                 0x000000c0   Section        4  entry2.o(.ARM.Collect$$$$00000001)
    .ARM.Collect$$$$00000004                 0x000000c4   Section        4  entry5.o(.ARM.Collect$$$$00000004)
    .ARM.Collect$$$$00000008                 0x000000c8   Section        0  entry7b.o(.ARM.Collect$$$$00000008)
    .ARM.Collect$$$$0000000A                 0x000000c8   Section        0  entry8b.o(.ARM.Collect$$$$0000000A)
    .ARM.Collect$$$$0000000B                 0x000000c8   Section        8  entry9a.o(.ARM.Collect$$$$0000000B)
    .ARM.Collect$$$$0000000D                 0x000000d0   Section        0  entry10a.o(.ARM.Collect$$$$0000000D)
    .ARM.Collect$$$$0000000F                 0x000000d0   Section        0  entry11a.o(.ARM.Collect$$$$0000000F)
    .ARM.Collect$$$$00002712                 0x000000d0   Section        4  entry2.o(.ARM.Collect$$$$00002712)
    __lit__00000000                          0x000000d0   Data           4  entry2.o(.ARM.Collect$$$$00002712)
    .text                                    0x000000d4   Section        0  main.o(.text)
    .text                                    0x00000124   Section        0  swm220_gpio.o(.text)
    .text                                    0x000002dc   Section        0  swm220_timr.o(.text)
    NVIC_EnableIRQ                           0x00000edd   Thumb Code    14  swm220_timr.o(.text)
    NVIC_DisableIRQ                          0x00000eeb   Thumb Code    16  swm220_timr.o(.text)
    .text                                    0x00000f24   Section        0  swm220_port.o(.text)
    .text                                    0x00000f54   Section        0  system_swm220.o(.text)
    switchToXTAL                             0x00000fab   Thumb Code    66  system_swm220.o(.text)
    switchToRC24MHz                          0x00000fed   Thumb Code    26  system_swm220.o(.text)
    switchToRC32KHz                          0x00001007   Thumb Code    26  system_swm220.o(.text)
    switchToRC12MHz                          0x00001021   Thumb Code    28  system_swm220.o(.text)
    switchToRC48MHz                          0x0000103d   Thumb Code    28  system_swm220.o(.text)
    switchToRC6MHz                           0x00001059   Thumb Code    26  system_swm220.o(.text)
    .text                                    0x000010c4   Section       84  startup_swm220.o(.text)
    .text                                    0x00001118   Section        0  uidiv.o(.text)
    .text                                    0x00001144   Section       36  init.o(.text)
    i.__scatterload_copy                     0x00001168   Section       14  handlers.o(i.__scatterload_copy)
    i.__scatterload_null                     0x00001176   Section        2  handlers.o(i.__scatterload_null)
    i.__scatterload_zeroinit                 0x00001178   Section       14  handlers.o(i.__scatterload_zeroinit)
    .data                                    0x20000000   Section        8  system_swm220.o(.data)
    STACK                                    0x20000008   Section     1024  startup_swm220.o(STACK)
    Stack_Mem                                0x20000008   Data        1024  startup_swm220.o(STACK)

    Global Symbols

    Symbol Name                              Value     Ov Type        Size  Object(Section)

    BuildAttributes$$THM_ISAv3M$S$PE$A:L22$X:L11$S22$IEEE1$IW$USESV6$~STKCKD$USESV7$~SHL$OSPACE$EBA8$MICROLIB$REQ8$EABIv2 0x00000000   Number         0  anon$$obj.o ABSOLUTE
    __ARM_use_no_argv                        0x00000000   Number         0  main.o ABSOLUTE
    __Vectors                                0x00000000   Data           4  startup_swm220.o(RESET)
    __cpp_initialize__aeabi_                  - Undefined Weak Reference
    __cxa_finalize                            - Undefined Weak Reference
    __decompress                              - Undefined Weak Reference
    _clock_init                               - Undefined Weak Reference
    _microlib_exit                            - Undefined Weak Reference
    __Vectors_End                            0x000000c0   Data           0  startup_swm220.o(RESET)
    __Vectors_Size                           0x000000c0   Number         0  startup_swm220.o ABSOLUTE
    __main                                   0x000000c1   Thumb Code     0  entry.o(.ARM.Collect$$$$00000000)
    _main_stk                                0x000000c1   Thumb Code     0  entry2.o(.ARM.Collect$$$$00000001)
    _main_scatterload                        0x000000c5   Thumb Code     0  entry5.o(.ARM.Collect$$$$00000004)
    __main_after_scatterload                 0x000000c9   Thumb Code     0  entry5.o(.ARM.Collect$$$$00000004)
    _main_clock                              0x000000c9   Thumb Code     0  entry7b.o(.ARM.Collect$$$$00000008)
    _main_cpp_init                           0x000000c9   Thumb Code     0  entry8b.o(.ARM.Collect$$$$0000000A)
    _main_init                               0x000000c9   Thumb Code     0  entry9a.o(.ARM.Collect$$$$0000000B)
    __rt_final_cpp                           0x000000d1   Thumb Code     0  entry10a.o(.ARM.Collect$$$$0000000D)
    __rt_final_exit                          0x000000d1   Thumb Code     0  entry11a.o(.ARM.Collect$$$$0000000F)
    main                                     0x000000d5   Thumb Code    50  main.o(.text)
    TIMR0_Handler                            0x00000107   Thumb Code    18  main.o(.text)
    GPIO_Init                                0x00000125   Thumb Code   212  swm220_gpio.o(.text)
    GPIO_SetBit                              0x000001f9   Thumb Code    12  swm220_gpio.o(.text)
    GPIO_ClrBit                              0x00000205   Thumb Code    12  swm220_gpio.o(.text)
    GPIO_InvBit                              0x00000211   Thumb Code    12  swm220_gpio.o(.text)
    GPIO_GetBit                              0x0000021d   Thumb Code    10  swm220_gpio.o(.text)
    GPIO_SetBits                             0x00000227   Thumb Code    18  swm220_gpio.o(.text)
    GPIO_ClrBits                             0x00000239   Thumb Code    18  swm220_gpio.o(.text)
    GPIO_InvBits                             0x0000024b   Thumb Code    18  swm220_gpio.o(.text)
    GPIO_GetBits                             0x0000025d   Thumb Code    16  swm220_gpio.o(.text)
    GPIO_AtomicSetBit                        0x0000026d   Thumb Code    10  swm220_gpio.o(.text)
    GPIO_AtomicClrBit                        0x00000277   Thumb Code    10  swm220_gpio.o(.text)
    GPIO_AtomicInvBit                        0x00000281   Thumb Code    14  swm220_gpio.o(.text)
    GPIO_AtomicSetBits                       0x0000028f   Thumb Code    22  swm220_gpio.o(.text)
    GPIO_AtomicClrBits                       0x000002a5   Thumb Code    22  swm220_gpio.o(.text)
    GPIO_AtomicInvBits                       0x000002bb   Thumb Code    22  swm220_gpio.o(.text)
    TIMR_INTClr                              0x000002dd   Thumb Code    40  swm220_timr.o(.text)
    TIMR_Stop                                0x00000305   Thumb Code    10  swm220_timr.o(.text)
    TIMR_Init                                0x0000030f   Thumb Code   260  swm220_timr.o(.text)
    TIMR_Start                               0x00000413   Thumb Code    10  swm220_timr.o(.text)
    TIMR_Halt                                0x0000041d   Thumb Code    60  swm220_timr.o(.text)
    TIMR_Resume                              0x00000459   Thumb Code    60  swm220_timr.o(.text)
    TIMR_SetPeriod                           0x00000495   Thumb Code     4  swm220_timr.o(.text)
    TIMR_GetPeriod                           0x00000499   Thumb Code     4  swm220_timr.o(.text)
    TIMR_GetCurValue                         0x0000049d   Thumb Code     4  swm220_timr.o(.text)
    TIMR_INTEn                               0x000004a1   Thumb Code    60  swm220_timr.o(.text)
    TIMR_INTDis                              0x000004dd   Thumb Code    56  swm220_timr.o(.text)
    TIMR_INTStat                             0x00000515   Thumb Code    56  swm220_timr.o(.text)
    TIMR_OC_INTClr                           0x0000054d   Thumb Code    40  swm220_timr.o(.text)
    TIMR_OC_Init                             0x00000575   Thumb Code   406  swm220_timr.o(.text)
    TIMR_OC_OutputEn                         0x0000070b   Thumb Code    60  swm220_timr.o(.text)
    TIMR_OC_OutputDis                        0x00000747   Thumb Code    74  swm220_timr.o(.text)
    TIMR_OC_SetMatch                         0x00000791   Thumb Code    62  swm220_timr.o(.text)
    TIMR_OC_GetMatch                         0x000007cf   Thumb Code    48  swm220_timr.o(.text)
    TIMR_OC_INTEn                            0x000007ff   Thumb Code    56  swm220_timr.o(.text)
    TIMR_OC_INTDis                           0x00000837   Thumb Code    56  swm220_timr.o(.text)
    TIMR_OC_INTStat                          0x0000086f   Thumb Code    56  swm220_timr.o(.text)
    TIMR_IC_CaptureOV_INTClr                 0x000008a7   Thumb Code    38  swm220_timr.o(.text)
    TIMR_IC_CaptureL_INTClr                  0x000008cd   Thumb Code    38  swm220_timr.o(.text)
    TIMR_IC_CaptureH_INTClr                  0x000008f3   Thumb Code    38  swm220_timr.o(.text)
    TIMR_IC_Init                             0x00000919   Thumb Code   754  swm220_timr.o(.text)
    TIMR_IC_Start                            0x00000c0b   Thumb Code    64  swm220_timr.o(.text)
    TIMR_IC_Start_Multi                      0x00000c4b   Thumb Code    22  swm220_timr.o(.text)
    TIMR_IC_Stop                             0x00000c61   Thumb Code    64  swm220_timr.o(.text)
    TIMR_IC_GetCaptureH                      0x00000ca1   Thumb Code    40  swm220_timr.o(.text)
    TIMR_IC_GetCaptureL                      0x00000cc9   Thumb Code    40  swm220_timr.o(.text)
    TIMR_IC_CaptureH_INTEn                   0x00000cf1   Thumb Code    54  swm220_timr.o(.text)
    TIMR_IC_CaptureH_INTDis                  0x00000d27   Thumb Code    54  swm220_timr.o(.text)
    TIMR_IC_CaptureH_INTStat                 0x00000d5d   Thumb Code    56  swm220_timr.o(.text)
    TIMR_IC_CaptureL_INTEn                   0x00000d95   Thumb Code    54  swm220_timr.o(.text)
    TIMR_IC_CaptureL_INTDis                  0x00000dcb   Thumb Code    54  swm220_timr.o(.text)
    TIMR_IC_CaptureL_INTStat                 0x00000e01   Thumb Code    56  swm220_timr.o(.text)
    TIMR_IC_CaptureOV_INTEn                  0x00000e39   Thumb Code    54  swm220_timr.o(.text)
    TIMR_IC_CaptureOV_INTDis                 0x00000e6f   Thumb Code    54  swm220_timr.o(.text)
    TIMR_IC_CaptureOV_INTStat                0x00000ea5   Thumb Code    56  swm220_timr.o(.text)
    PORT_Init                                0x00000f25   Thumb Code    48  swm220_port.o(.text)
    SystemCoreClockUpdate                    0x00000f55   Thumb Code    86  system_swm220.o(.text)
    SystemInit                               0x00001073   Thumb Code    44  system_swm220.o(.text)
    Reset_Handler                            0x000010c5   Thumb Code     4  startup_swm220.o(.text)
    NMI_Handler                              0x000010c9   Thumb Code     2  startup_swm220.o(.text)
    HardFault_Handler                        0x000010cb   Thumb Code     2  startup_swm220.o(.text)
    SVC_Handler                              0x000010cd   Thumb Code     2  startup_swm220.o(.text)
    PendSV_Handler                           0x000010cf   Thumb Code     2  startup_swm220.o(.text)
    SysTick_Handler                          0x000010d1   Thumb Code     2  startup_swm220.o(.text)
    GPIOA0_Handler                           0x000010d3   Thumb Code     2  startup_swm220.o(.text)
    WDT_Handler                              0x000010d5   Thumb Code     2  startup_swm220.o(.text)
    TIMR3_Handler                            0x000010d7   Thumb Code     2  startup_swm220.o(.text)
    PWMNC_Handler                            0x000010d9   Thumb Code     2  startup_swm220.o(.text)
    ADC_Handler                              0x000010db   Thumb Code     2  startup_swm220.o(.text)
    TIMR2_Handler                            0x000010dd   Thumb Code     2  startup_swm220.o(.text)
    RTC_Handler                              0x000010df   Thumb Code     2  startup_swm220.o(.text)
    GPIOA1_Handler                           0x000010e1   Thumb Code     2  startup_swm220.o(.text)
    SPI1_Handler                             0x000010e3   Thumb Code     2  startup_swm220.o(.text)
    GPIOD1_Handler                           0x000010e5   Thumb Code     2  startup_swm220.o(.text)
    CAN_Handler                              0x000010e7   Thumb Code     2  startup_swm220.o(.text)
    UART0_Handler                            0x000010e9   Thumb Code     2  startup_swm220.o(.text)
    I2C0_Handler                             0x000010eb   Thumb Code     2  startup_swm220.o(.text)
    SPI0_Handler                             0x000010ed   Thumb Code     2  startup_swm220.o(.text)
    GPIOA_Handler                            0x000010ef   Thumb Code     2  startup_swm220.o(.text)
    TIMR1_Handler                            0x000010f1   Thumb Code     2  startup_swm220.o(.text)
    GPIOB0_Handler                           0x000010f3   Thumb Code     2  startup_swm220.o(.text)
    UART1_Handler                            0x000010f5   Thumb Code     2  startup_swm220.o(.text)
    GPIOB_Handler                            0x000010f7   Thumb Code     2  startup_swm220.o(.text)
    GPIOB1_Handler                           0x000010fb   Thumb Code     2  startup_swm220.o(.text)
    PWMHE_Handler                            0x000010fd   Thumb Code     2  startup_swm220.o(.text)
    UART2_Handler                            0x000010ff   Thumb Code     2  startup_swm220.o(.text)
    BOD_Handler                              0x00001101   Thumb Code     2  startup_swm220.o(.text)
    I2C1_Handler                             0x00001103   Thumb Code     2  startup_swm220.o(.text)
    GPIOC0_Handler                           0x00001105   Thumb Code     2  startup_swm220.o(.text)
    GPIOC1_Handler                           0x00001107   Thumb Code     2  startup_swm220.o(.text)
    UART3_Handler                            0x00001109   Thumb Code     2  startup_swm220.o(.text)
    PWMHALT_Handler                          0x0000110b   Thumb Code     2  startup_swm220.o(.text)
    GPIOC_Handler                            0x0000110d   Thumb Code     2  startup_swm220.o(.text)
    GPIOD_Handler                            0x00001111   Thumb Code     2  startup_swm220.o(.text)
    DMA_Handler                              0x00001113   Thumb Code     2  startup_swm220.o(.text)
    __aeabi_uidiv                            0x00001119   Thumb Code     0  uidiv.o(.text)
    __aeabi_uidivmod                         0x00001119   Thumb Code    44  uidiv.o(.text)
    __scatterload                            0x00001145   Thumb Code    28  init.o(.text)
    __scatterload_rt2                        0x00001145   Thumb Code     0  init.o(.text)
    __scatterload_copy                       0x00001169   Thumb Code    14  handlers.o(i.__scatterload_copy)
    __scatterload_null                       0x00001177   Thumb Code     2  handlers.o(i.__scatterload_null)
    __scatterload_zeroinit                   0x00001179   Thumb Code    14  handlers.o(i.__scatterload_zeroinit)
    Region$$Table$$Base                      0x00001188   Number         0  anon$$obj.o(Region$$Table)
    Region$$Table$$Limit                     0x000011a8   Number         0  anon$$obj.o(Region$$Table)
    SystemCoreClock                          0x20000000   Data           4  system_swm220.o(.data)
    CyclesPerUs                              0x20000004   Data           4  system_swm220.o(.data)
    __initial_sp                             0x20000408   Data           0  startup_swm220.o(STACK)



==============================================================================

Memory Map of the image

  Image Entry point : 0x000000c1

  Load Region LR_IROM1 (Base: 0x00000000, Size: 0x000011b0, Max: 0x00010000, ABSOLUTE)

    Execution Region ER_IROM1 (Exec base: 0x00000000, Load base: 0x00000000, Size: 0x000011a8, Max: 0x00010000, ABSOLUTE)

    Exec Addr    Load Addr    Size         Type   Attr      Idx    E Section Name        Object

    0x00000000   0x00000000   0x000000c0   Data   RO          444    RESET               startup_swm220.o
    0x000000c0   0x000000c0   0x00000000   Code   RO          449  * .ARM.Collect$$$$00000000  mc_p.l(entry.o)
    0x000000c0   0x000000c0   0x00000004   Code   RO          458    .ARM.Collect$$$$00000001  mc_p.l(entry2.o)
    0x000000c4   0x000000c4   0x00000004   Code   RO          461    .ARM.Collect$$$$00000004  mc_p.l(entry5.o)
    0x000000c8   0x000000c8   0x00000000   Code   RO          463    .ARM.Collect$$$$00000008  mc_p.l(entry7b.o)
    0x000000c8   0x000000c8   0x00000000   Code   RO          465    .ARM.Collect$$$$0000000A  mc_p.l(entry8b.o)
    0x000000c8   0x000000c8   0x00000008   Code   RO          466    .ARM.Collect$$$$0000000B  mc_p.l(entry9a.o)
    0x000000d0   0x000000d0   0x00000000   Code   RO          468    .ARM.Collect$$$$0000000D  mc_p.l(entry10a.o)
    0x000000d0   0x000000d0   0x00000000   Code   RO          470    .ARM.Collect$$$$0000000F  mc_p.l(entry11a.o)
    0x000000d0   0x000000d0   0x00000004   Code   RO          459    .ARM.Collect$$$$00002712  mc_p.l(entry2.o)
    0x000000d4   0x000000d4   0x00000050   Code   RO            3    .text               main.o
    0x00000124   0x00000124   0x000001b8   Code   RO          140    .text               swm220_gpio.o
    0x000002dc   0x000002dc   0x00000c48   Code   RO          200    .text               swm220_timr.o
    0x00000f24   0x00000f24   0x00000030   Code   RO          357    .text               swm220_port.o
    0x00000f54   0x00000f54   0x00000170   Code   RO          418    .text               system_swm220.o
    0x000010c4   0x000010c4   0x00000054   Code   RO          445    .text               startup_swm220.o
    0x00001118   0x00001118   0x0000002c   Code   RO          452    .text               mc_p.l(uidiv.o)
    0x00001144   0x00001144   0x00000024   Code   RO          472    .text               mc_p.l(init.o)
    0x00001168   0x00001168   0x0000000e   Code   RO          476    i.__scatterload_copy  mc_p.l(handlers.o)
    0x00001176   0x00001176   0x00000002   Code   RO          477    i.__scatterload_null  mc_p.l(handlers.o)
    0x00001178   0x00001178   0x0000000e   Code   RO          478    i.__scatterload_zeroinit  mc_p.l(handlers.o)
    0x00001186   0x00001186   0x00000002   PAD
    0x00001188   0x00001188   0x00000020   Data   RO          474    Region$$Table       anon$$obj.o


    Execution Region RW_IRAM1 (Exec base: 0x20000000, Load base: 0x000011a8, Size: 0x00000408, Max: 0x00004000, ABSOLUTE)

    Exec Addr    Load Addr    Size         Type   Attr      Idx    E Section Name        Object

    0x20000000   0x000011a8   0x00000008   Data   RW          419    .data               system_swm220.o
    0x20000008        -       0x00000400   Zero   RW          442    STACK               startup_swm220.o


==============================================================================

Image component sizes


      Code (inc. data)   RO Data    RW Data    ZI Data      Debug   Object Name

        80         12          0          0          0      66185   main.o
        84          6        192          0       1024       1956   startup_swm220.o
         0          0          0          0          0       5732   swm220_adc.o
       440         12          0          0          0       4567   swm220_gpio.o
        48          0          0          0          0       1172   swm220_port.o
      3144         92          0          0          0      11928   swm220_timr.o
       368         38          0          8          0       1773   system_swm220.o

    ----------------------------------------------------------------------
      4164        160        224          8       1024      93313   Object Totals
         0          0         32          0          0          0   (incl. Generated)
         0          0          0          0          0          0   (incl. Padding)

    ----------------------------------------------------------------------

      Code (inc. data)   RO Data    RW Data    ZI Data      Debug   Library Member Name

         0          0          0          0          0          0   entry.o
         0          0          0          0          0          0   entry10a.o
         0          0          0          0          0          0   entry11a.o
         8          4          0          0          0          0   entry2.o
         4          0          0          0          0          0   entry5.o
         0          0          0          0          0          0   entry7b.o
         0          0          0          0          0          0   entry8b.o
         8          4          0          0          0          0   entry9a.o
        30          0          0          0          0          0   handlers.o
        36          8          0          0          0         68   init.o
        44          0          0          0          0         72   uidiv.o

    ----------------------------------------------------------------------
       132         16          0          0          0        140   Library Totals
         2          0          0          0          0          0   (incl. Padding)

    ----------------------------------------------------------------------

      Code (inc. data)   RO Data    RW Data    ZI Data      Debug   Library Name

       130         16          0          0          0        140   mc_p.l

    ----------------------------------------------------------------------
       132         16          0          0          0        140   Library Totals

    ----------------------------------------------------------------------

==============================================================================


      Code (inc. data)   RO Data    RW Data    ZI Data      Debug   

      4296        176        224          8       1024      93341   Grand Totals
      4296        176        224          8       1024      93341   ELF Image Totals
      4296        176        224          8          0          0   ROM Totals

==============================================================================

    Total RO  Size (Code + RO Data)                 4520 (   4.41kB)
    Total RW  Size (RW Data + ZI Data)              1032 (   1.01kB)
    Total ROM Size (Code + RO Data + RW Data)       4528 (   4.42kB)

==============================================================================

